# serializer version: 1
# name: test_vehicle_data[0001TJ]
  dict({
    'apk_expiration': datetime.date(2023, 7, 26),
    'ascription_date': datetime.date(2013, 7, 25),
    'ascription_possible': True,
    'brand': 'Ford',
    'energy_label': None,
    'engine_capacity': None,
    'exported': False,
    'first_admission': datetime.date(1972, 1, 13),
    'interior': None,
    'last_odometer_registration_year': 2021,
    'liability_insured': True,
    'license_plate': '0001TJ',
    'list_price': None,
    'mass_driveable': 950,
    'mass_empty': 850,
    'model': 'Escort Mexico',
    'number_of_cylinders': 4,
    'number_of_doors': 2,
    'number_of_seats': None,
    'number_of_wheelchair_seats': None,
    'number_of_wheels': 4,
    'odometer_judgement': <VehicleOdometerJudgement.NO_JUDGEMENT: 'Geen oordeel'>,
    'pending_recall': False,
    'taxi': False,
    'vehicle_type': <VehicleType.PASSENGER_CAR: 'Personenauto'>,
  })
# ---
# name: test_vehicle_data[11ZKZ3]
  dict({
    'apk_expiration': datetime.date(2022, 1, 4),
    'ascription_date': datetime.date(2021, 11, 4),
    'ascription_possible': True,
    'brand': 'Skoda',
    'energy_label': 'A',
    'engine_capacity': 999,
    'exported': False,
    'first_admission': datetime.date(2013, 1, 4),
    'interior': <VehicleInterior.HATCHBACK: 'hatchback'>,
    'last_odometer_registration_year': 2021,
    'liability_insured': False,
    'license_plate': '11ZKZ3',
    'list_price': 10697,
    'mass_driveable': 940,
    'mass_empty': 840,
    'model': 'Citigo',
    'number_of_cylinders': 3,
    'number_of_doors': 0,
    'number_of_seats': 4,
    'number_of_wheelchair_seats': 0,
    'number_of_wheels': 4,
    'odometer_judgement': <VehicleOdometerJudgement.LOGICAL: 'Logisch'>,
    'pending_recall': False,
    'taxi': None,
    'vehicle_type': <VehicleType.PASSENGER_CAR: 'Personenauto'>,
  })
# ---
# name: test_vehicle_data[VXJ99N]
  dict({
    'apk_expiration': None,
    'ascription_date': None,
    'ascription_possible': True,
    'brand': 'Opel',
    'energy_label': None,
    'engine_capacity': 1997,
    'exported': False,
    'first_admission': None,
    'interior': <VehicleInterior.CLOSED_INTERIOR: 'gesloten opbouw'>,
    'last_odometer_registration_year': None,
    'liability_insured': False,
    'license_plate': 'VXJ99N',
    'list_price': 55421,
    'mass_driveable': 1845,
    'mass_empty': 1745,
    'model': 'Vivaro',
    'number_of_cylinders': 4,
    'number_of_doors': 2,
    'number_of_seats': 6,
    'number_of_wheelchair_seats': None,
    'number_of_wheels': 4,
    'odometer_judgement': None,
    'pending_recall': False,
    'taxi': False,
    'vehicle_type': <VehicleType.COMPANY_CAR: 'Bedrijfsauto'>,
  })
# ---
